PS C:\Users\Asha Patil\Desktop\sdm> git init
Initialized empty Git repository in C:/Users/Asha Patil/Desktop/sdm/.git/
PS C:\Users\Asha Patil\Desktop\sdm> git add .
PS C:\Users\Asha Patil\Desktop\sdm> git status
On branch master

No commits yet

Changes to be committed:
  (use "git rm --cached <file>..." to unstage)
        new file:   file.java
        new file:   file1.java
        new file:   java.txt

PS C:\Users\Asha Patil\Desktop\sdm> git commit --m "initial commit"
[master (root-commit) 70af340] initial commit
 3 files changed, 10 insertions(+)
 create mode 100644 file.java
 create mode 100644 file1.java
 create mode 100644 java.txt
PS C:\Users\Asha Patil\Desktop\sdm> git status
On branch master
nothing to commit, working tree clean
PS C:\Users\Asha Patil\Desktop\sdm> git diff
PS C:\Users\Asha Patil\Desktop\sdm>
PS C:\Users\Asha Patil\Desktop\sdm> git commit- "modified file.java"
git: 'commit-' is not a git command. See 'git --help'.

The most similar command is
        commit
PS C:\Users\Asha Patil\Desktop\sdm> git status
On branch master
nothing to commit, working tree clean
PS C:\Users\Asha Patil\Desktop\sdm> git log
commit 70af340c615556e0a9cee9058653b4aebf8a83e6 (HEAD -> master)
Author: laxmikant <lakshpati21@gmail.com>
Date:   Mon Dec 26 15:42:11 2022 +0530

    initial commit
PS C:\Users\Asha Patil\Desktop\sdm> git diff
PS C:\Users\Asha Patil\Desktop\sdm> git diff
diff --git a/file1.java b/file1.java
index fdce435..c68526c 100644
--- a/file1.java
+++ b/file1.java
@@ -1,3 +1,5 @@
 jhfjhfjj
 lkjhg
-nggg
\ No newline at end of file
+nggg
+dfdgf
+laxmikant
\ No newline at end of file
PS C:\Users\Asha Patil\Desktop\sdm> git diff add .
fatal: ambiguous argument 'add': unknown revision or path not in the working tree.
Use '--' to separate paths from revisions, like this:
'git <command> [<revision>...] -- [<file>...]'
PS C:\Users\Asha Patil\Desktop\sdm> git status
On branch master
Changes not staged for commit:
  (use "git add <file>..." to update what will be committed)
  (use "git restore <file>..." to discard changes in working directory)
        modified:   file1.java

no changes added to commit (use "git add" and/or "git commit -a")
PS C:\Users\Asha Patil\Desktop\sdm> git diff
diff --git a/file1.java b/file1.java
index fdce435..c68526c 100644
--- a/file1.java
+++ b/file1.java
@@ -1,3 +1,5 @@
 jhfjhfjj
 lkjhg
-nggg
\ No newline at end of file
+nggg
+dfdgf
+laxmikant
\ No newline at end of file
PS C:\Users\Asha Patil\Desktop\sdm> git diff --staged
PS C:\Users\Asha Patil\Desktop\sdm> git diff --staged
PS C:\Users\Asha Patil\Desktop\sdm> git diff
diff --git a/file1.java b/file1.java
index fdce435..c68526c 100644
--- a/file1.java
+++ b/file1.java
@@ -1,3 +1,5 @@
 jhfjhfjj
 lkjhg
-nggg
\ No newline at end of file
+nggg
+dfdgf
+laxmikant
\ No newline at end of file
PS C:\Users\Asha Patil\Desktop\sdm> ls


    Directory: C:\Users\Asha Patil\Desktop\sdm


Mode                 LastWriteTime         Length Name
----                 -------------         ------ ----
-a----        26-12-2022     15:21             43 file.java
-a----        26-12-2022     15:56             39 file1.java
-a----        26-12-2022     15:16             31 java.txt


PS C:\Users\Asha Patil\Desktop\sdm> rm.file.java
rm.file.java : The term 'rm.file.java' is not recognized as the name of a cmdlet, function, script file, or operable
program. Check the spelling of the name, or if a path was included, verify that the path is correct and try again.
At line:1 char:1
+ rm.file.java
+ ~~~~~~~~~~~~
    + CategoryInfo          : ObjectNotFound: (rm.file.java:String) [], CommandNotFoundException
    + FullyQualifiedErrorId : CommandNotFoundException

PS C:\Users\Asha Patil\Desktop\sdm> rm file.java
PS C:\Users\Asha Patil\Desktop\sdm> ls


    Directory: C:\Users\Asha Patil\Desktop\sdm


Mode                 LastWriteTime         Length Name
----                 -------------         ------ ----
-a----        26-12-2022     15:56             39 file1.java
-a----        26-12-2022     15:16             31 java.txt


PS C:\Users\Asha Patil\Desktop\sdm> git status
On branch master
Changes not staged for commit:
  (use "git add/rm <file>..." to update what will be committed)
  (use "git restore <file>..." to discard changes in working directory)
        deleted:    file.java
        modified:   file1.java

no changes added to commit (use "git add" and/or "git commit -a")
PS C:\Users\Asha Patil\Desktop\sdm> git restores file.java
git: 'restores' is not a git command. See 'git --help'.

The most similar command is
        restore
PS C:\Users\Asha Patil\Desktop\sdm> git restore file.java
PS C:\Users\Asha Patil\Desktop\sdm> ls


    Directory: C:\Users\Asha Patil\Desktop\sdm


Mode                 LastWriteTime         Length Name
----                 -------------         ------ ----
-a----        26-12-2022     16:06             43 file.java
-a----        26-12-2022     15:56             39 file1.java
-a----        26-12-2022     15:16             31 java.txt


PS C:\Users\Asha Patil\Desktop\sdm> git init
Reinitialized existing Git repository in C:/Users/Asha Patil/Desktop/sdm/.git/
PS C:\Users\Asha Patil\Desktop\sdm> git --version
git version 2.39.0.windows.2
PS C:\Users\Asha Patil\Desktop\sdm> git config --global user.name "laxmikant"
PS C:\Users\Asha Patil\Desktop\sdm> git config --global user.email "lakshpatil21@gmail.com"
PS C:\Users\Asha Patil\Desktop\sdm> git config --global user.name
laxmikant
PS C:\Users\Asha Patil\Desktop\sdm> git config --global user.email
lakshpatil21@gmail.com
PS C:\Users\Asha Patil\Desktop\sdm> git config --list
diff.astextplain.textconv=astextplain
filter.lfs.clean=git-lfs clean -- %f
filter.lfs.smudge=git-lfs smudge -- %f
filter.lfs.process=git-lfs filter-process
filter.lfs.required=true
http.sslbackend=openssl
http.sslcainfo=C:/Program Files/Git/mingw64/ssl/certs/ca-bundle.crt
core.autocrlf=true
core.fscache=true
core.symlinks=false
pull.rebase=false
credential.helper=manager
credential.https://dev.azure.com.usehttppath=true
init.defaultbranch=master
user.name=laxmikant
user.email=lakshpatil21@gmail.com
core.repositoryformatversion=0
core.filemode=false
core.bare=false
core.logallrefupdates=true
core.symlinks=false
core.ignorecase=true
PS C:\Users\Asha Patil\Desktop\sdm> Git help
usage: git [-v | --version] [-h | --help] [-C <path>] [-c <name>=<value>]
           [--exec-path[=<path>]] [--html-path] [--man-path] [--info-path]
           [-p | --paginate | -P | --no-pager] [--no-replace-objects] [--bare]
           [--git-dir=<path>] [--work-tree=<path>] [--namespace=<name>]
           [--super-prefix=<path>] [--config-env=<name>=<envvar>]
           <command> [<args>]

These are common Git commands used in various situations:

start a working area (see also: git help tutorial)
   clone     Clone a repository into a new directory
   init      Create an empty Git repository or reinitialize an existing one

work on the current change (see also: git help everyday)
   add       Add file contents to the index
   mv        Move or rename a file, a directory, or a symlink
   restore   Restore working tree files
   rm        Remove files from the working tree and from the index

examine the history and state (see also: git help revisions)
   bisect    Use binary search to find the commit that introduced a bug
   diff      Show changes between commits, commit and working tree, etc
   grep      Print lines matching a pattern
   log       Show commit logs
   show      Show various types of objects
   status    Show the working tree status

grow, mark and tweak your common history
   branch    List, create, or delete branches
   commit    Record changes to the repository
   merge     Join two or more development histories together
   rebase    Reapply commits on top of another base tip
   reset     Reset current HEAD to the specified state
   switch    Switch branches
   tag       Create, list, delete or verify a tag object signed with GPG

collaborate (see also: git help workflows)
   fetch     Download objects and refs from another repository
   pull      Fetch from and integrate with another repository or a local branch
   push      Update remote refs along with associated objects

'git help -a' and 'git help -g' list available subcommands and some
concept guides. See 'git help <command>' or 'git help <concept>'
to read about a specific subcommand or concept.
See 'git help git' for an overview of the system.
PS C:\Users\Asha Patil\Desktop\sdm> Git help commit
PS C:\Users\Asha Patil\Desktop\sdm> git add file.java
PS C:\Users\Asha Patil\Desktop\sdm> git status
On branch master
Changes not staged for commit:
  (use "git add <file>..." to update what will be committed)
  (use "git restore <file>..." to discard changes in working directory)
        modified:   file1.java

no changes added to commit (use "git add" and/or "git commit -a")
PS C:\Users\Asha Patil\Desktop\sdm> git add Git
PS C:\Users\Asha Patil\Desktop\sdm> git init
Reinitialized existing Git repository in C:/Users/Asha Patil/Desktop/sdm/.git/
PS C:\Users\Asha Patil\Desktop\sdm> git add file1.java
PS C:\Users\Asha Patil\Desktop\sdm> git status
On branch master
Changes to be committed:
  (use "git restore --staged <file>..." to unstage)
        modified:   file1.java

PS C:\Users\Asha Patil\Desktop\sdm> git init
Reinitialized existing Git repository in C:/Users/Asha Patil/Desktop/sdm/.git/
PS C:\Users\Asha Patil\Desktop\sdm> git file1.java
git: 'file1.java' is not a git command. See 'git --help'.
PS C:\Users\Asha Patil\Desktop\sdm> ls


    Directory: C:\Users\Asha Patil\Desktop\sdm


Mode                 LastWriteTime         Length Name
----                 -------------         ------ ----
d-----        26-12-2022     17:36                git
-a----        26-12-2022     16:06             43 file.java
-a----        26-12-2022     17:57            147 file1.java
-a----        26-12-2022     15:16             31 java.txt


PS C:\Users\Asha Patil\Desktop\sdm> git add .
PS C:\Users\Asha Patil\Desktop\sdm> git status
On branch master
Changes to be committed:
  (use "git restore --staged <file>..." to unstage)
        deleted:    file.java
        modified:   file1.java
        new file:   file2.java
        new file:   file2.txt

PS C:\Users\Asha Patil\Desktop\sdm> git diff
PS C:\Users\Asha Patil\Desktop\sdm> git diff --staged
diff --git a/file.java b/file.java
deleted file mode 100644
index 916d30d..0000000
--- a/file.java
+++ /dev/null
@@ -1,4 +0,0 @@
-hrrfjhjgjhgkj
-hjgghj
-hhjgug
-jkhjlkhlkh
diff --git a/file1.java b/file1.java
index fdce435..20462a1 100644
--- a/file1.java
+++ b/file1.java
@@ -1,3 +1,9 @@
-jhfjhfjj
-lkjhg
-nggg
\ No newline at end of file
+Class Student{
+public static void main(){
+int x =5;
+ int y = 8;
+ int y = 8;
+ System.out.println("x: "+x);
+ System.out.println("y: "+y);
+}
+}
\ No newline at end of file
diff --git a/file2.java b/file2.java
new file mode 100644
index 0000000..9bd924e
--- /dev/null
+++ b/file2.java
@@ -0,0 +1,5 @@
+class car{
+int num=3;
+int age=18;
+print("this is sdm")
PS C:\Users\Asha Patil\Desktop\sdm> git commit -m "changed to file.java"
[master a612dc7] changed to file.java
 4 files changed, 19 insertions(+), 7 deletions(-)
 delete mode 100644 file.java
 create mode 100644 file2.java
 create mode 100644 file2.txt
PS C:\Users\Asha Patil\Desktop\sdm> git status
On branch master
nothing to commit, working tree clean
PS C:\Users\Asha Patil\Desktop\sdm> git commit -am "Changed file.java and committed here"
On branch master
nothing to commit, working tree clean
PS C:\Users\Asha Patil\Desktop\sdm> ls


    Directory: C:\Users\Asha Patil\Desktop\sdm


Mode                 LastWriteTime         Length Name
----                 -------------         ------ ----
d-----        26-12-2022     17:36                git
-a----        26-12-2022     17:57            147 file1.java
-a----        26-12-2022     18:02             60 file2.java
-a----        26-12-2022     18:01             60 file2.txt
-a----        26-12-2022     15:16             31 java.txt


PS C:\Users\Asha Patil\Desktop\sdm> rm java
rm : Cannot find path 'C:\Users\Asha Patil\Desktop\sdm\java' because it does not exist.
At line:1 char:1
+ rm java
+ ~~~~~~~
    + CategoryInfo          : ObjectNotFound: (C:\Users\Asha Patil\Desktop\sdm\java:String) [Remove-Item], ItemNotFoun
   dException
    + FullyQualifiedErrorId : PathNotFound,Microsoft.PowerShell.Commands.RemoveItemCommand

PS C:\Users\Asha Patil\Desktop\sdm> rm java.txt
PS C:\Users\Asha Patil\Desktop\sdm> ls


    Directory: C:\Users\Asha Patil\Desktop\sdm


Mode                 LastWriteTime         Length Name
----                 -------------         ------ ----
d-----        26-12-2022     17:36                git
-a----        26-12-2022     17:57            147 file1.java
-a----        26-12-2022     18:02             60 file2.java


PS C:\Users\Asha Patil\Desktop\sdm> git status
On branch master
Changes not staged for commit:
  (use "git add/rm <file>..." to update what will be committed)
  (use "git restore <file>..." to discard changes in working directory)
        deleted:    file2.txt
        deleted:    java.txt

no changes added to commit (use "git add" and/or "git commit -a")
PS C:\Users\Asha Patil\Desktop\sdm> git restore java.txt
PS C:\Users\Asha Patil\Desktop\sdm> ls


    Directory: C:\Users\Asha Patil\Desktop\sdm


Mode                 LastWriteTime         Length Name
----                 -------------         ------ ----
d-----        26-12-2022     17:36                git
-a----        26-12-2022     17:57            147 file1.java
-a----        26-12-2022     18:02             60 file2.java
-a----        26-12-2022     18:21             31 java.txt


PS C:\Users\Asha Patil\Desktop\sdm> git mv file1.java git\file1.java
PS C:\Users\Asha Patil\Desktop\sdm> ls


    Directory: C:\Users\Asha Patil\Desktop\sdm


Mode                 LastWriteTime         Length Name
----                 -------------         ------ ----
d-----        26-12-2022     18:28                git
-a----        26-12-2022     18:02             60 file2.java
-a----        26-12-2022     18:21             31 java.txt


PS C:\Users\Asha Patil\Desktop\sdm> git mv file1.java app\file1.java
fatal: bad source, source=file1.java, destination=app/file1.java
PS C:\Users\Asha Patil\Desktop\sdm> git rm file1.java app\file1.java
fatal: pathspec 'file1.java' did not match any files
PS C:\Users\Asha Patil\Desktop\sdm> ls


    Directory: C:\Users\Asha Patil\Desktop\sdm


Mode                 LastWriteTime         Length Name
----                 -------------         ------ ----
d-----        26-12-2022     18:30                app
-a----        26-12-2022     17:57            147 file1.java
-a----        26-12-2022     18:02             60 file2.java
-a----        26-12-2022     18:21             31 java.txt


PS C:\Users\Asha Patil\Desktop\sdm> git mv file1.java app\file1.java
fatal: not under version control, source=file1.java, destination=app/file1.java
PS C:\Users\Asha Patil\Desktop\sdm> git mv file2.java app\file2.java
PS C:\Users\Asha Patil\Desktop\sdm> ls


    Directory: C:\Users\Asha Patil\Desktop\sdm


Mode                 LastWriteTime         Length Name
----                 -------------         ------ ----
d-----        26-12-2022     18:31                app
-a----        26-12-2022     17:57            147 file1.java
-a----        26-12-2022     18:21             31 java.txt


PS C:\Users\Asha Patil\Desktop\sdm> cd app
PS C:\Users\Asha Patil\Desktop\sdm\app> ls


    Directory: C:\Users\Asha Patil\Desktop\sdm\app


Mode                 LastWriteTime         Length Name
----                 -------------         ------ ----
-a----        26-12-2022     18:02             60 file2.java


PS C:\Users\Asha Patil\Desktop\sdm\app> cd ..
PS C:\Users\Asha Patil\Desktop\sdm> git mv file3.java app\file3.java
fatal: not under version control, source=file3.java, destination=app/file3.java
PS C:\Users\Asha Patil\Desktop\sdm> ls


    Directory: C:\Users\Asha Patil\Desktop\sdm


Mode                 LastWriteTime         Length Name
----                 -------------         ------ ----
d-----        26-12-2022     18:31                app
-a----        26-12-2022     17:57            147 file1.java
-a----        26-12-2022     18:33            191 file3.java
-a----        26-12-2022     18:21             31 java.txt


PS C:\Users\Asha Patil\Desktop\sdm> git mv file3.java app\file3.java
fatal: not under version control, source=file3.java, destination=app/file3.java
PS C:\Users\Asha Patil\Desktop\sdm> git status
On branch master
Changes to be committed:
  (use "git restore --staged <file>..." to unstage)
        renamed:    file2.java -> app/file2.java
        renamed:    file1.java -> git/file1.java

Changes not staged for commit:
  (use "git add/rm <file>..." to update what will be committed)
  (use "git restore <file>..." to discard changes in working directory)
        deleted:    file2.txt
        deleted:    git/file1.java

Untracked files:
  (use "git add <file>..." to include in what will be committed)
        file1.java
        file3.java

PS C:\Users\Asha Patil\Desktop\sdm> git commit -am "some changes"
[master 59ac38c] some changes
 3 files changed, 14 deletions(-)
 rename file2.java => app/file2.java (100%)
 delete mode 100644 file1.java
 delete mode 100644 file2.txt
PS C:\Users\Asha Patil\Desktop\sdm> git status
On branch master
Untracked files:
  (use "git add <file>..." to include in what will be committed)
        file1.java
        file3.java

nothing added to commit but untracked files present (use "git add" to track)
PS C:\Users\Asha Patil\Desktop\sdm> ^C
PS C:\Users\Asha Patil\Desktop\sdm> git commit -a On branch master
fatal: paths 'On ...' with -a does not make sense
PS C:\Users\Asha Patil\Desktop\sdm> git status
On branch master
Untracked files:
  (use "git add <file>..." to include in what will be committed)
        file1.java
        file3.java

nothing added to commit but untracked files present (use "git add" to track)
PS C:\Users\Asha Patil\Desktop\sdm> git add .
PS C:\Users\Asha Patil\Desktop\sdm> git commit -m "no changes"
[master b4bbfb2] no changes
 2 files changed, 19 insertions(+)
 create mode 100644 file1.java
 create mode 100644 file3.java
PS C:\Users\Asha Patil\Desktop\sdm> git status
On branch master
nothing to commit, working tree clean
PS C:\Users\Asha Patil\Desktop\sdm> ls


    Directory: C:\Users\Asha Patil\Desktop\sdm


Mode                 LastWriteTime         Length Name
----                 -------------         ------ ----
d-----        26-12-2022     18:31                app
-a----        26-12-2022     17:57            147 file1.java
-a----        26-12-2022     18:33            191 file3.java
-a----        26-12-2022     18:21             31 java.txt


PS C:\Users\Asha Patil\Desktop\sdm> git mv file3.java app\file3.java
PS C:\Users\Asha Patil\Desktop\sdm> ls


    Directory: C:\Users\Asha Patil\Desktop\sdm


Mode                 LastWriteTime         Length Name
----                 -------------         ------ ----
d-----        26-12-2022     18:38                app
-a----        26-12-2022     17:57            147 file1.java
-a----        26-12-2022     18:21             31 java.txt


PS C:\Users\Asha Patil\Desktop\sdm> ls app


    Directory: C:\Users\Asha Patil\Desktop\sdm\app


Mode                 LastWriteTime         Length Name
----                 -------------         ------ ----
-a----        26-12-2022     18:02             60 file2.java
-a----        26-12-2022     18:33            191 file3.java


PS C:\Users\Asha Patil\Desktop\sdm> git log
commit b4bbfb265a36836e6eb6db6375441dc7c06d53ae (HEAD -> master)
Author: laxmikant <lakshpatil21@gmail.com>
Date:   Mon Dec 26 18:37:44 2022 +0530

    no changes

commit 59ac38c83b1d223a0d1e787439b71b312f829911
Author: laxmikant <lakshpatil21@gmail.com>
Date:   Mon Dec 26 18:35:45 2022 +0530

    some changes

commit a612dc75a2fa09ca367422210cf70e7200c5702c
Author: laxmikant <lakshpatil21@gmail.com>
Date:   Mon Dec 26 18:16:43 2022 +0530

    changed to file.java

commit 70af340c615556e0a9cee9058653b4aebf8a83e6
Author: laxmikant <lakshpati21@gmail.com>
Date:   Mon Dec 26 15:42:11 2022 +0530

    initial commit
PS C:\Users\Asha Patil\Desktop\sdm>
